Semantika: Globalna promenjljiva p definisana na liniji  6 Var p: int, 0, 0 
Semantika: Globalna promenjljiva a definisana na liniji  7 Var a: int, 1, 0 
Semantika: Globalna promenjljiva c definisana na liniji  7 Var c: int, 2, 0 
Semantika: Globalna promenjljiva maxcif definisana na liniji  7 Var maxcif: int, 3, 0 
Semantika: Globalna promenjljiva f definisana na liniji  8 Var f: char, 4, 0 
Semantika: Obradjuje se funkcija main na liniji 12
Semantika: Lokalna promenjljiva a definisana na liniji  12 Var a: char, 0, 1 

=====================BROJACI=========================
Broj Globalnih promenjljivi:5
Broj Lokalnih promenjljivi:1
Broj Globalnih konstanti:0
Broj Globalnih nizova:0
Broj Deklaracija funkcija:1
Broj Blokova naredbi:1
Broj Poziva funkcija u main metodi:0
Broj Deklaracija formalnih argumenata:0
Broj Definicija unutrasnjih klasa:0
Broj Definicija klasnih metoda:0
Broj Definicija klasnih polja:0
=====================SYMBOL TABLE DUMP=========================
Type int: int, -1, -1 
Type char: char, -1, -1 
Con eol: char, 10, 0 
Con null: Class [], 0, 0 
Meth chr: char, 6, 1 
   Var i: int, 0, 1 

Meth ord: int, 0, 1 
   Var ch: char, 0, 1 

Meth len: int, 18, 1 
   Var arr: Arr of notype, 0, 1 

Type string: Arr of char, 0, 1 
Type bool: bool, 0, 1 
Prog MaxCifra: notype, 0, 1 
   Var p: int, 0, 0 
   Var a: int, 1, 0 
   Var c: int, 2, 0 
   Var maxcif: int, 3, 0 
   Var f: char, 4, 0 
   Meth main: notype, 25, 0 
      Var a: char, 0, 1 
      Con : int, 10, 1 



